2026-09-03 18:46:23 [32minfo[39m: [32mElasticsearch客户端已初始化[39m
2026-09-03 18:46:23 [32minfo[39m: [32mEmbedding服务: dashscope[39m
============================================================
慢慢瘦 - 知识库初始化脚本
============================================================
检查服务连通性...
Failed to obtain server version. Unable to check client-server compatibility. Set checkCompatibility=false to skip version check.
2026-09-03 18:46:23 [31merror[39m: [31mQdrant集合初始化失败[39m
⚠️ Qdrant连接失败，使用本地向量存储
2026-09-03 18:46:23 [33mwarn[39m: [33mRedis不可用，已切换到内存缓存[39m
2026-09-03 18:46:23 [31merror[39m: [31mES索引初始化失败[39m
✅ Elasticsearch已连接
✅ 服务检查完成

读取知识库文件...
✅ 找到 10 个知识库文件

处理知识库文件...
  01_calories.md: 14 个块
  02_macros.md: 20 个块
  03_meal_timing.md: 18 个块
  04_keto_diet.md: 22 个块
  05_food_combination.md: 26 个块
  01_cardio.md: 21 个块
  02_strength.md: 25 个块
  03_hiit.md: 15 个块
  04_stretching.md: 28 个块
  05_exercise_plan.md: 32 个块

✅ 总计 221 个文档块

向量化文档并存储到Qdrant...
正在生成Embedding，请稍候...
2026-09-03 18:46:24 [37mdebug[39m: [37m内存缓存已设置[39m
2026-09-03 18:46:24 [37mdebug[39m: [37mEmbedding生成成功[39m
  进度: 1/221
2026-09-03 18:46:24 [33mwarn[39m: [33mRedis连接失败，使用内存缓存[39m
2026-09-03 18:46:24 [37mdebug[39m: [37m内存缓存已设置[39m
2026-09-03 18:46:24 [37mdebug[39m: [37mEmbedding生成成功[39m
  进度: 2/221
2026-09-03 18:46:24 [37mdebug[39m: [37m内存缓存已设置[39m
2026-09-03 18:46:24 [37mdebug[39m: [37mEmbedding生成成功[39m
  进度: 3/221
2026-09-03 18:46:24 [37mdebug[39m: [37m内存缓存已设置[39m
2026-09-03 18:46:24 [37mdebug[39m: [37mEmbedding生成成功[39m
  进度: 4/221
2026-09-03 18:46:24 [37mdebug[39m: [37m内存缓存已设置[39m
2026-09-03 18:46:24 [37mdebug[39m: [37mEmbedding生成成功[39m
  进度: 5/221
2026-09-03 18:46:24 [37mdebug[39m: [37m内存缓存已设置[39m
2026-09-03 18:46:24 [37mdebug[39m: [37mEmbedding生成成功[39m
  进度: 6/221
2026-09-03 18:46:24 [37mdebug[39m: [37m内存缓存已设置[39m
2026-09-03 18:46:24 [37mdebug[39m: [37mEmbedding生成成功[39m
  进度: 7/221
2026-09-03 18:46:24 [37mdebug[39m: [37m内存缓存已设置[39m
2026-09-03 18:46:24 [37mdebug[39m: [37mEmbedding生成成功[39m
  进度: 8/221
2026-09-03 18:46:25 [37mdebug[39m: [37m内存缓存已设置[39m
2026-09-03 18:46:25 [37mdebug[39m: [37mEmbedding生成成功[39m
  进度: 9/221
2026-09-03 18:46:25 [37mdebug[39m: [37m内存缓存已设置[39m
2026-09-03 18:46:25 [37mdebug[39m: [37mEmbedding生成成功[39m
  进度: 10/221
2026-09-03 18:46:25 [32minfo[39m: [32m已完成 10/221，暂停3秒...[39m
2026-09-03 18:46:28 [37mdebug[39m: [37m内存缓存已设置[39m
2026-09-03 18:46:28 [37mdebug[39m: [37mEmbedding生成成功[39m
  进度: 11/221
2026-09-03 18:46:28 [37mdebug[39m: [37m内存缓存已设置[39m
2026-09-03 18:46:28 [37mdebug[39m: [37mEmbedding生成成功[39m
  进度: 12/221
2026-09-03 18:46:28 [37mdebug[39m: [37m内存缓存已设置[39m
2026-09-03 18:46:28 [37mdebug[39m: [37mEmbedding生成成功[39m
  进度: 13/221
2026-09-03 18:46:28 [37mdebug[39m: [37m内存缓存已设置[39m
2026-09-03 18:46:28 [37mdebug[39m: [37mEmbedding生成成功[39m
  进度: 14/221
2026-09-03 18:46:28 [37mdebug[39m: [37m内存缓存已设置[39m
2026-09-03 18:46:28 [37mdebug[39m: [37mEmbedding生成成功[39m
  进度: 15/221
2026-09-03 18:46:28 [37mdebug[39m: [37m内存缓存已设置[39m
2026-09-03 18:46:28 [37mdebug[39m: [37mEmbedding生成成功[39m
  进度: 16/221
2026-09-03 18:46:28 [37mdebug[39m: [37m内存缓存已设置[39m
2026-09-03 18:46:28 [37mdebug[39m: [37mEmbedding生成成功[39m
  进度: 17/221
2026-09-03 18:46:29 [37mdebug[39m: [37m内存缓存已设置[39m
2026-09-03 18:46:29 [37mdebug[39m: [37mEmbedding生成成功[39m
  进度: 18/221
2026-09-03 18:46:29 [37mdebug[39m: [37m内存缓存已设置[39m
2026-09-03 18:46:29 [37mdebug[39m: [37mEmbedding生成成功[39m
  进度: 19/221
2026-09-03 18:46:29 [37mdebug[39m: [37m内存缓存已设置[39m
2026-09-03 18:46:29 [37mdebug[39m: [37mEmbedding生成成功[39m
  进度: 20/221
2026-09-03 18:46:29 [32minfo[39m: [32m已完成 20/221，暂停3秒...[39m
2026-09-03 18:46:32 [37mdebug[39m: [37m内存缓存已设置[39m
2026-09-03 18:46:32 [37mdebug[39m: [37mEmbedding生成成功[39m
  进度: 21/221
2026-09-03 18:46:32 [37mdebug[39m: [37m内存缓存已设置[39m
2026-09-03 18:46:32 [37mdebug[39m: [37mEmbedding生成成功[39m
  进度: 22/221
2026-09-03 18:46:32 [37mdebug[39m: [37m内存缓存已设置[39m
2026-09-03 18:46:32 [37mdebug[39m: [37mEmbedding生成成功[39m
  进度: 23/221
2026-09-03 18:46:32 [37mdebug[39m: [37m内存缓存已设置[39m
2026-09-03 18:46:32 [37mdebug[39m: [37mEmbedding生成成功[39m
  进度: 24/221
2026-09-03 18:46:32 [37mdebug[39m: [37m内存缓存已设置[39m
2026-09-03 18:46:32 [37mdebug[39m: [37mEmbedding生成成功[39m
  进度: 25/221
2026-09-03 18:46:32 [37mdebug[39m: [37m内存缓存已设置[39m
2026-09-03 18:46:32 [37mdebug[39m: [37mEmbedding生成成功[39m
  进度: 26/221
2026-09-03 18:46:33 [37mdebug[39m: [37m内存缓存已设置[39m
2026-09-03 18:46:33 [37mdebug[39m: [37mEmbedding生成成功[39m
  进度: 27/221
2026-09-03 18:46:33 [37mdebug[39m: [37m内存缓存已设置[39m
2026-09-03 18:46:33 [37mdebug[39m: [37mEmbedding生成成功[39m
  进度: 28/221
2026-09-03 18:46:33 [37mdebug[39m: [37m内存缓存已设置[39m
2026-09-03 18:46:33 [37mdebug[39m: [37mEmbedding生成成功[39m
  进度: 29/221
2026-09-03 18:46:33 [37mdebug[39m: [37m内存缓存已设置[39m
2026-09-03 18:46:33 [37mdebug[39m: [37mEmbedding生成成功[39m
  进度: 30/221
2026-09-03 18:46:33 [32minfo[39m: [32m已完成 30/221，暂停3秒...[39m
2026-09-03 18:46:36 [37mdebug[39m: [37m内存缓存已设置[39m
2026-09-03 18:46:36 [37mdebug[39m: [37mEmbedding生成成功[39m
  进度: 31/221
2026-09-03 18:46:36 [37mdebug[39m: [37m内存缓存已设置[39m
2026-09-03 18:46:36 [37mdebug[39m: [37mEmbedding生成成功[39m
  进度: 32/221
2026-09-03 18:46:36 [37mdebug[39m: [37m内存缓存已设置[39m
2026-09-03 18:46:36 [37mdebug[39m: [37mEmbedding生成成功[39m
  进度: 33/221
2026-09-03 18:46:36 [37mdebug[39m: [37m内存缓存已设置[39m
2026-09-03 18:46:36 [37mdebug[39m: [37mEmbedding生成成功[39m
  进度: 34/221
2026-09-03 18:46:36 [37mdebug[39m: [37m内存缓存已设置[39m
2026-09-03 18:46:36 [37mdebug[39m: [37mEmbedding生成成功[39m
  进度: 35/221
2026-09-03 18:46:37 [37mdebug[39m: [37m内存缓存已设置[39m
2026-09-03 18:46:37 [37mdebug[39m: [37mEmbedding生成成功[39m
  进度: 36/221
2026-09-03 18:46:37 [37mdebug[39m: [37m内存缓存已设置[39m
2026-09-03 18:46:37 [37mdebug[39m: [37mEmbedding生成成功[39m
  进度: 37/221
2026-09-03 18:46:37 [37mdebug[39m: [37m内存缓存已设置[39m
2026-09-03 18:46:37 [37mdebug[39m: [37mEmbedding生成成功[39m
  进度: 38/221
2026-09-03 18:46:37 [37mdebug[39m: [37m内存缓存已设置[39m
2026-09-03 18:46:37 [37mdebug[39m: [37mEmbedding生成成功[39m
  进度: 39/221
2026-09-03 18:46:37 [37mdebug[39m: [37m内存缓存已设置[39m
2026-09-03 18:46:37 [37mdebug[39m: [37mEmbedding生成成功[39m
  进度: 40/221
2026-09-03 18:46:37 [32minfo[39m: [32m已完成 40/221，暂停3秒...[39m
2026-09-03 18:46:40 [37mdebug[39m: [37m内存缓存已设置[39m
2026-09-03 18:46:40 [37mdebug[39m: [37mEmbedding生成成功[39m
  进度: 41/221
2026-09-03 18:46:40 [37mdebug[39m: [37m内存缓存已设置[39m
2026-09-03 18:46:40 [37mdebug[39m: [37mEmbedding生成成功[39m
  进度: 42/221
2026-09-03 18:46:40 [37mdebug[39m: [37m内存缓存已设置[39m
2026-09-03 18:46:40 [37mdebug[39m: [37mEmbedding生成成功[39m
  进度: 43/221
2026-09-03 18:46:40 [37mdebug[39m: [37m内存缓存已设置[39m
2026-09-03 18:46:40 [37mdebug[39m: [37mEmbedding生成成功[39m
  进度: 44/221
2026-09-03 18:46:40 [37mdebug[39m: [37m内存缓存已设置[39m
2026-09-03 18:46:40 [37mdebug[39m: [37mEmbedding生成成功[39m
  进度: 45/221
2026-09-03 18:46:41 [37mdebug[39m: [37m内存缓存已设置[39m
2026-09-03 18:46:41 [37mdebug[39m: [37mEmbedding生成成功[39m
  进度: 46/221
2026-09-03 18:46:41 [37mdebug[39m: [37m内存缓存已设置[39m
2026-09-03 18:46:41 [37mdebug[39m: [37mEmbedding生成成功[39m
  进度: 47/221
2026-09-03 18:46:41 [37mdebug[39m: [37m内存缓存已设置[39m
2026-09-03 18:46:41 [37mdebug[39m: [37mEmbedding生成成功[39m
  进度: 48/221
2026-09-03 18:46:41 [37mdebug[39m: [37m内存缓存已设置[39m
2026-09-03 18:46:41 [37mdebug[39m: [37mEmbedding生成成功[39m
  进度: 49/221
2026-09-03 18:46:41 [37mdebug[39m: [37m内存缓存已设置[39m
2026-09-03 18:46:41 [37mdebug[39m: [37mEmbedding生成成功[39m
  进度: 50/221
2026-09-03 18:46:41 [32minfo[39m: [32m已完成 50/221，暂停3秒...[39m
2026-09-03 18:46:44 [37mdebug[39m: [37m内存缓存已设置[39m
2026-09-03 18:46:44 [37mdebug[39m: [37mEmbedding生成成功[39m
  进度: 51/221
2026-09-03 18:46:44 [37mdebug[39m: [37m内存缓存已设置[39m
2026-09-03 18:46:44 [37mdebug[39m: [37mEmbedding生成成功[39m
  进度: 52/221
2026-09-03 18:46:44 [37mdebug[39m: [37m内存缓存已设置[39m
2026-09-03 18:46:44 [37mdebug[39m: [37mEmbedding生成成功[39m
  进度: 53/221
2026-09-03 18:46:44 [37mdebug[39m: [37m内存缓存已设置[39m
2026-09-03 18:46:44 [37mdebug[39m: [37mEmbedding生成成功[39m
  进度: 54/221
2026-09-03 18:46:45 [37mdebug[39m: [37m内存缓存已设置[39m
2026-09-03 18:46:45 [37mdebug[39m: [37mEmbedding生成成功[39m
  进度: 55/221
2026-09-03 18:46:45 [37mdebug[39m: [37m内存缓存已设置[39m
2026-09-03 18:46:45 [37mdebug[39m: [37mEmbedding生成成功[39m
  进度: 56/221
2026-09-03 18:46:45 [37mdebug[39m: [37m内存缓存已设置[39m
2026-09-03 18:46:45 [37mdebug[39m: [37mEmbedding生成成功[39m
  进度: 57/221
2026-09-03 18:46:45 [37mdebug[39m: [37m内存缓存已设置[39m
2026-09-03 18:46:45 [37mdebug[39m: [37mEmbedding生成成功[39m
  进度: 58/221
2026-09-03 18:46:45 [37mdebug[39m: [37m内存缓存已设置[39m
2026-09-03 18:46:45 [37mdebug[39m: [37mEmbedding生成成功[39m
  进度: 59/221
2026-09-03 18:46:45 [37mdebug[39m: [37m内存缓存已设置[39m
2026-09-03 18:46:45 [37mdebug[39m: [37mEmbedding生成成功[39m
  进度: 60/221
2026-09-03 18:46:45 [32minfo[39m: [32m已完成 60/221，暂停3秒...[39m
2026-09-03 18:46:48 [37mdebug[39m: [37m内存缓存已设置[39m
2026-09-03 18:46:48 [37mdebug[39m: [37mEmbedding生成成功[39m
  进度: 61/221
2026-09-03 18:46:48 [37mdebug[39m: [37m内存缓存已设置[39m
2026-09-03 18:46:48 [37mdebug[39m: [37mEmbedding生成成功[39m
  进度: 62/221
2026-09-03 18:46:48 [37mdebug[39m: [37m内存缓存已设置[39m
2026-09-03 18:46:48 [37mdebug[39m: [37mEmbedding生成成功[39m
  进度: 63/221
2026-09-03 18:46:49 [37mdebug[39m: [37m内存缓存已设置[39m
2026-09-03 18:46:49 [37mdebug[39m: [37mEmbedding生成成功[39m
  进度: 64/221
2026-09-03 18:46:49 [37mdebug[39m: [37m内存缓存已设置[39m
2026-09-03 18:46:49 [37mdebug[39m: [37mEmbedding生成成功[39m
  进度: 65/221
2026-09-03 18:46:49 [37mdebug[39m: [37m内存缓存已设置[39m
2026-09-03 18:46:49 [37mdebug[39m: [37mEmbedding生成成功[39m
  进度: 66/221
2026-09-03 18:46:49 [37mdebug[39m: [37m内存缓存已设置[39m
2026-09-03 18:46:49 [37mdebug[39m: [37mEmbedding生成成功[39m
  进度: 67/221
2026-09-03 18:46:49 [37mdebug[39m: [37m内存缓存已设置[39m
2026-09-03 18:46:49 [37mdebug[39m: [37mEmbedding生成成功[39m
  进度: 68/221
2026-09-03 18:46:49 [37mdebug[39m: [37m内存缓存已设置[39m
2026-09-03 18:46:49 [37mdebug[39m: [37mEmbedding生成成功[39m
  进度: 69/221
2026-09-03 18:46:49 [37mdebug[39m: [37m内存缓存已设置[39m
2026-09-03 18:46:49 [37mdebug[39m: [37mEmbedding生成成功[39m
  进度: 70/221
2026-09-03 18:46:49 [32minfo[39m: [32m已完成 70/221，暂停3秒...[39m
2026-09-03 18:46:52 [37mdebug[39m: [37m内存缓存已设置[39m
2026-09-03 18:46:52 [37mdebug[39m: [37mEmbedding生成成功[39m
  进度: 71/221
2026-09-03 18:46:52 [37mdebug[39m: [37m内存缓存已设置[39m
2026-09-03 18:46:52 [37mdebug[39m: [37mEmbedding生成成功[39m
  进度: 72/221
2026-09-03 18:46:52 [37mdebug[39m: [37m内存缓存已设置[39m
2026-09-03 18:46:52 [37mdebug[39m: [37mEmbedding生成成功[39m
  进度: 73/221
2026-09-03 18:46:53 [37mdebug[39m: [37m内存缓存已设置[39m
2026-09-03 18:46:53 [37mdebug[39m: [37mEmbedding生成成功[39m
  进度: 74/221
2026-09-03 18:46:53 [37mdebug[39m: [37m内存缓存已设置[39m
2026-09-03 18:46:53 [37mdebug[39m: [37mEmbedding生成成功[39m
  进度: 75/221
2026-09-03 18:46:53 [37mdebug[39m: [37m内存缓存已设置[39m
2026-09-03 18:46:53 [37mdebug[39m: [37mEmbedding生成成功[39m
  进度: 76/221
2026-09-03 18:46:53 [37mdebug[39m: [37m内存缓存已设置[39m
2026-09-03 18:46:53 [37mdebug[39m: [37mEmbedding生成成功[39m
  进度: 77/221
2026-09-03 18:46:53 [37mdebug[39m: [37m内存缓存已设置[39m
2026-09-03 18:46:53 [37mdebug[39m: [37mEmbedding生成成功[39m
  进度: 78/221
2026-09-03 18:46:53 [37mdebug[39m: [37m内存缓存已设置[39m
2026-09-03 18:46:53 [37mdebug[39m: [37mEmbedding生成成功[39m
  进度: 79/221
2026-09-03 18:46:53 [37mdebug[39m: [37m内存缓存已设置[39m
2026-09-03 18:46:53 [37mdebug[39m: [37mEmbedding生成成功[39m
  进度: 80/221
2026-09-03 18:46:53 [32minfo[39m: [32m已完成 80/221，暂停3秒...[39m
2026-09-03 18:46:56 [37mdebug[39m: [37m内存缓存已设置[39m
2026-09-03 18:46:56 [37mdebug[39m: [37mEmbedding生成成功[39m
  进度: 81/221
2026-09-03 18:46:56 [37mdebug[39m: [37m内存缓存已设置[39m
2026-09-03 18:46:56 [37mdebug[39m: [37mEmbedding生成成功[39m
  进度: 82/221
2026-09-03 18:46:57 [37mdebug[39m: [37m内存缓存已设置[39m
2026-09-03 18:46:57 [37mdebug[39m: [37mEmbedding生成成功[39m
  进度: 83/221
2026-09-03 18:46:57 [37mdebug[39m: [37m内存缓存已设置[39m
2026-09-03 18:46:57 [37mdebug[39m: [37mEmbedding生成成功[39m
  进度: 84/221
2026-09-03 18:46:57 [37mdebug[39m: [37m内存缓存已设置[39m
2026-09-03 18:46:57 [37mdebug[39m: [37mEmbedding生成成功[39m
  进度: 85/221
2026-09-03 18:46:57 [37mdebug[39m: [37m内存缓存已设置[39m
2026-09-03 18:46:57 [37mdebug[39m: [37mEmbedding生成成功[39m
  进度: 86/221
2026-09-03 18:46:57 [37mdebug[39m: [37m内存缓存已设置[39m
2026-09-03 18:46:57 [37mdebug[39m: [37mEmbedding生成成功[39m
  进度: 87/221
2026-09-03 18:46:57 [37mdebug[39m: [37m内存缓存已设置[39m
2026-09-03 18:46:57 [37mdebug[39m: [37mEmbedding生成成功[39m
  进度: 88/221
2026-09-03 18:46:57 [37mdebug[39m: [37m内存缓存已设置[39m
2026-09-03 18:46:57 [37mdebug[39m: [37mEmbedding生成成功[39m
  进度: 89/221
2026-09-03 18:46:57 [37mdebug[39m: [37m内存缓存已设置[39m
2026-09-03 18:46:57 [37mdebug[39m: [37mEmbedding生成成功[39m
  进度: 90/221
2026-09-03 18:46:57 [32minfo[39m: [32m已完成 90/221，暂停3秒...[39m
2026-09-03 18:47:00 [37mdebug[39m: [37m内存缓存已设置[39m
2026-09-03 18:47:00 [37mdebug[39m: [37mEmbedding生成成功[39m
  进度: 91/221
2026-09-03 18:47:00 [37mdebug[39m: [37m内存缓存已设置[39m
2026-09-03 18:47:00 [37mdebug[39m: [37mEmbedding生成成功[39m
  进度: 92/221
2026-09-03 18:47:01 [37mdebug[39m: [37m内存缓存已设置[39m
2026-09-03 18:47:01 [37mdebug[39m: [37mEmbedding生成成功[39m
  进度: 93/221
2026-09-03 18:47:01 [37mdebug[39m: [37m内存缓存已设置[39m
2026-09-03 18:47:01 [37mdebug[39m: [37mEmbedding生成成功[39m
  进度: 94/221
2026-09-03 18:47:01 [37mdebug[39m: [37m内存缓存已设置[39m
2026-09-03 18:47:01 [37mdebug[39m: [37mEmbedding生成成功[39m
  进度: 95/221
2026-09-03 18:47:01 [37mdebug[39m: [37m内存缓存已设置[39m
2026-09-03 18:47:01 [37mdebug[39m: [37mEmbedding生成成功[39m
  进度: 96/221
2026-09-03 18:47:01 [37mdebug[39m: [37m内存缓存已设置[39m
2026-09-03 18:47:01 [37mdebug[39m: [37mEmbedding生成成功[39m
  进度: 97/221
2026-09-03 18:47:01 [37mdebug[39m: [37m内存缓存已设置[39m
2026-09-03 18:47:01 [37mdebug[39m: [37mEmbedding生成成功[39m
  进度: 98/221
2026-09-03 18:47:01 [37mdebug[39m: [37m内存缓存已设置[39m
2026-09-03 18:47:01 [37mdebug[39m: [37mEmbedding生成成功[39m
  进度: 99/221
2026-09-03 18:47:01 [37mdebug[39m: [37m内存缓存已设置[39m
2026-09-03 18:47:01 [37mdebug[39m: [37mEmbedding生成成功[39m
  进度: 100/221
2026-09-03 18:47:01 [32minfo[39m: [32m已完成 100/221，暂停3秒...[39m
2026-09-03 18:47:04 [37mdebug[39m: [37m内存缓存已设置[39m
2026-09-03 18:47:04 [37mdebug[39m: [37mEmbedding生成成功[39m
  进度: 101/221
2026-09-03 18:47:05 [37mdebug[39m: [37m内存缓存已设置[39m
2026-09-03 18:47:05 [37mdebug[39m: [37mEmbedding生成成功[39m
  进度: 102/221
2026-09-03 18:47:05 [37mdebug[39m: [37m内存缓存已设置[39m
2026-09-03 18:47:05 [37mdebug[39m: [37mEmbedding生成成功[39m
  进度: 103/221
2026-09-03 18:47:05 [37mdebug[39m: [37m内存缓存已设置[39m
2026-09-03 18:47:05 [37mdebug[39m: [37mEmbedding生成成功[39m
  进度: 104/221
2026-09-03 18:47:05 [37mdebug[39m: [37m内存缓存已设置[39m
2026-09-03 18:47:05 [37mdebug[39m: [37mEmbedding生成成功[39m
  进度: 105/221
2026-09-03 18:47:05 [37mdebug[39m: [37m内存缓存已设置[39m
2026-09-03 18:47:05 [37mdebug[39m: [37mEmbedding生成成功[39m
  进度: 106/221
2026-09-03 18:47:05 [37mdebug[39m: [37m内存缓存已设置[39m
2026-09-03 18:47:05 [37mdebug[39m: [37mEmbedding生成成功[39m
  进度: 107/221
2026-09-03 18:47:05 [37mdebug[39m: [37m内存缓存已设置[39m
2026-09-03 18:47:05 [37mdebug[39m: [37mEmbedding生成成功[39m
  进度: 108/221
2026-09-03 18:47:05 [37mdebug[39m: [37m内存缓存已设置[39m
2026-09-03 18:47:05 [37mdebug[39m: [37mEmbedding生成成功[39m
  进度: 109/221
2026-09-03 18:47:05 [37mdebug[39m: [37m内存缓存已设置[39m
2026-09-03 18:47:05 [37mdebug[39m: [37mEmbedding生成成功[39m
  进度: 110/221
2026-09-03 18:47:05 [32minfo[39m: [32m已完成 110/221，暂停3秒...[39m
2026-09-03 18:47:08 [37mdebug[39m: [37m内存缓存已设置[39m
2026-09-03 18:47:08 [37mdebug[39m: [37mEmbedding生成成功[39m
  进度: 111/221
2026-09-03 18:47:09 [37mdebug[39m: [37m内存缓存已设置[39m
2026-09-03 18:47:09 [37mdebug[39m: [37mEmbedding生成成功[39m
  进度: 112/221
2026-09-03 18:47:09 [37mdebug[39m: [37m内存缓存已设置[39m
2026-09-03 18:47:09 [37mdebug[39m: [37mEmbedding生成成功[39m
  进度: 113/221
2026-09-03 18:47:09 [37mdebug[39m: [37m内存缓存已设置[39m
2026-09-03 18:47:09 [37mdebug[39m: [37mEmbedding生成成功[39m
  进度: 114/221
2026-09-03 18:47:09 [37mdebug[39m: [37m内存缓存已设置[39m
2026-09-03 18:47:09 [37mdebug[39m: [37mEmbedding生成成功[39m
  进度: 115/221
2026-09-03 18:47:09 [37mdebug[39m: [37m内存缓存已设置[39m
2026-09-03 18:47:09 [37mdebug[39m: [37mEmbedding生成成功[39m
  进度: 116/221
2026-09-03 18:47:09 [37mdebug[39m: [37m内存缓存已设置[39m
2026-09-03 18:47:09 [37mdebug[39m: [37mEmbedding生成成功[39m
  进度: 117/221
2026-09-03 18:47:09 [37mdebug[39m: [37m内存缓存已设置[39m
2026-09-03 18:47:09 [37mdebug[39m: [37mEmbedding生成成功[39m
  进度: 118/221
2026-09-03 18:47:09 [37mdebug[39m: [37m内存缓存已设置[39m
2026-09-03 18:47:09 [37mdebug[39m: [37mEmbedding生成成功[39m
  进度: 119/221
2026-09-03 18:47:09 [37mdebug[39m: [37m内存缓存已设置[39m
2026-09-03 18:47:09 [37mdebug[39m: [37mEmbedding生成成功[39m
  进度: 120/221
2026-09-03 18:47:09 [32minfo[39m: [32m已完成 120/221，暂停3秒...[39m
2026-09-03 18:47:12 [37mdebug[39m: [37m内存缓存已设置[39m
2026-09-03 18:47:12 [37mdebug[39m: [37mEmbedding生成成功[39m
  进度: 121/221
2026-09-03 18:47:13 [37mdebug[39m: [37m内存缓存已设置[39m
2026-09-03 18:47:13 [37mdebug[39m: [37mEmbedding生成成功[39m
  进度: 122/221
2026-09-03 18:47:13 [37mdebug[39m: [37m内存缓存已设置[39m
2026-09-03 18:47:13 [37mdebug[39m: [37mEmbedding生成成功[39m
  进度: 123/221
2026-09-03 18:47:13 [37mdebug[39m: [37m内存缓存已设置[39m
2026-09-03 18:47:13 [37mdebug[39m: [37mEmbedding生成成功[39m
  进度: 124/221
2026-09-03 18:47:13 [37mdebug[39m: [37m内存缓存已设置[39m
2026-09-03 18:47:13 [37mdebug[39m: [37mEmbedding生成成功[39m
  进度: 125/221
2026-09-03 18:47:13 [37mdebug[39m: [37m内存缓存已设置[39m
2026-09-03 18:47:13 [37mdebug[39m: [37mEmbedding生成成功[39m
  进度: 126/221
2026-09-03 18:47:13 [37mdebug[39m: [37m内存缓存已设置[39m
2026-09-03 18:47:13 [37mdebug[39m: [37mEmbedding生成成功[39m
  进度: 127/221
2026-09-03 18:47:13 [37mdebug[39m: [37m内存缓存已设置[39m
2026-09-03 18:47:13 [37mdebug[39m: [37mEmbedding生成成功[39m
  进度: 128/221
2026-09-03 18:47:13 [37mdebug[39m: [37m内存缓存已设置[39m
2026-09-03 18:47:13 [37mdebug[39m: [37mEmbedding生成成功[39m
  进度: 129/221
2026-09-03 18:47:13 [37mdebug[39m: [37m内存缓存已设置[39m
2026-09-03 18:47:13 [37mdebug[39m: [37mEmbedding生成成功[39m
  进度: 130/221
2026-09-03 18:47:13 [32minfo[39m: [32m已完成 130/221，暂停3秒...[39m
2026-09-03 18:47:16 [37mdebug[39m: [37m内存缓存已设置[39m
2026-09-03 18:47:17 [37mdebug[39m: [37mEmbedding生成成功[39m
  进度: 131/221
2026-09-03 18:47:17 [37mdebug[39m: [37m内存缓存已设置[39m
2026-09-03 18:47:17 [37mdebug[39m: [37mEmbedding生成成功[39m
  进度: 132/221
2026-09-03 18:47:17 [37mdebug[39m: [37m内存缓存已设置[39m
2026-09-03 18:47:17 [37mdebug[39m: [37mEmbedding生成成功[39m
  进度: 133/221
2026-09-03 18:47:17 [37mdebug[39m: [37m内存缓存已设置[39m
2026-09-03 18:47:17 [37mdebug[39m: [37mEmbedding生成成功[39m
  进度: 134/221
2026-09-03 18:47:17 [37mdebug[39m: [37m内存缓存已设置[39m
2026-09-03 18:47:17 [37mdebug[39m: [37mEmbedding生成成功[39m
  进度: 135/221
2026-09-03 18:47:17 [37mdebug[39m: [37m内存缓存已设置[39m
2026-09-03 18:47:17 [37mdebug[39m: [37mEmbedding生成成功[39m
  进度: 136/221
2026-09-03 18:47:17 [37mdebug[39m: [37m内存缓存已设置[39m
2026-09-03 18:47:17 [37mdebug[39m: [37mEmbedding生成成功[39m
  进度: 137/221
2026-09-03 18:47:17 [37mdebug[39m: [37m内存缓存已设置[39m
2026-09-03 18:47:17 [37mdebug[39m: [37mEmbedding生成成功[39m
  进度: 138/221
2026-09-03 18:47:17 [37mdebug[39m: [37m内存缓存已设置[39m
2026-09-03 18:47:17 [37mdebug[39m: [37mEmbedding生成成功[39m
  进度: 139/221
2026-09-03 18:47:17 [37mdebug[39m: [37m内存缓存已设置[39m
2026-09-03 18:47:17 [37mdebug[39m: [37mEmbedding生成成功[39m
  进度: 140/221
2026-09-03 18:47:17 [32minfo[39m: [32m已完成 140/221，暂停3秒...[39m
2026-09-03 18:47:20 [37mdebug[39m: [37m内存缓存已设置[39m
2026-09-03 18:47:20 [37mdebug[39m: [37mEmbedding生成成功[39m
  进度: 141/221
2026-09-03 18:47:21 [37mdebug[39m: [37m内存缓存已设置[39m
2026-09-03 18:47:21 [37mdebug[39m: [37mEmbedding生成成功[39m
  进度: 142/221
2026-09-03 18:47:21 [37mdebug[39m: [37m内存缓存已设置[39m
2026-09-03 18:47:21 [37mdebug[39m: [37mEmbedding生成成功[39m
  进度: 143/221
2026-09-03 18:47:21 [37mdebug[39m: [37m内存缓存已设置[39m
2026-09-03 18:47:21 [37mdebug[39m: [37mEmbedding生成成功[39m
  进度: 144/221
2026-09-03 18:47:21 [37mdebug[39m: [37m内存缓存已设置[39m
2026-09-03 18:47:21 [37mdebug[39m: [37mEmbedding生成成功[39m
  进度: 145/221
2026-09-03 18:47:21 [37mdebug[39m: [37m内存缓存已设置[39m
2026-09-03 18:47:21 [37mdebug[39m: [37mEmbedding生成成功[39m
  进度: 146/221
2026-09-03 18:47:21 [37mdebug[39m: [37m内存缓存已设置[39m
2026-09-03 18:47:21 [37mdebug[39m: [37mEmbedding生成成功[39m
  进度: 147/221
2026-09-03 18:47:21 [37mdebug[39m: [37m内存缓存已设置[39m
2026-09-03 18:47:21 [37mdebug[39m: [37mEmbedding生成成功[39m
  进度: 148/221
2026-09-03 18:47:21 [37mdebug[39m: [37m内存缓存已设置[39m
2026-09-03 18:47:21 [37mdebug[39m: [37mEmbedding生成成功[39m
  进度: 149/221
2026-09-03 18:47:22 [37mdebug[39m: [37m内存缓存已设置[39m
2026-09-03 18:47:22 [37mdebug[39m: [37mEmbedding生成成功[39m
  进度: 150/221
2026-09-03 18:47:22 [32minfo[39m: [32m已完成 150/221，暂停3秒...[39m
2026-09-03 18:47:25 [37mdebug[39m: [37m内存缓存已设置[39m
2026-09-03 18:47:25 [37mdebug[39m: [37mEmbedding生成成功[39m
  进度: 151/221
2026-09-03 18:47:25 [37mdebug[39m: [37m内存缓存已设置[39m
2026-09-03 18:47:25 [37mdebug[39m: [37mEmbedding生成成功[39m
  进度: 152/221
2026-09-03 18:47:25 [37mdebug[39m: [37m内存缓存已设置[39m
2026-09-03 18:47:25 [37mdebug[39m: [37mEmbedding生成成功[39m
  进度: 153/221
2026-09-03 18:47:25 [37mdebug[39m: [37m内存缓存已设置[39m
2026-09-03 18:47:25 [37mdebug[39m: [37mEmbedding生成成功[39m
  进度: 154/221
2026-09-03 18:47:25 [37mdebug[39m: [37m内存缓存已设置[39m
2026-09-03 18:47:25 [37mdebug[39m: [37mEmbedding生成成功[39m
  进度: 155/221
2026-09-03 18:47:25 [37mdebug[39m: [37m内存缓存已设置[39m
2026-09-03 18:47:25 [37mdebug[39m: [37mEmbedding生成成功[39m
  进度: 156/221
2026-09-03 18:47:25 [37mdebug[39m: [37m内存缓存已设置[39m
2026-09-03 18:47:25 [37mdebug[39m: [37mEmbedding生成成功[39m
  进度: 157/221
2026-09-03 18:47:25 [37mdebug[39m: [37m内存缓存已设置[39m
2026-09-03 18:47:25 [37mdebug[39m: [37mEmbedding生成成功[39m
  进度: 158/221
2026-09-03 18:47:25 [37mdebug[39m: [37m内存缓存已设置[39m
2026-09-03 18:47:25 [37mdebug[39m: [37mEmbedding生成成功[39m
  进度: 159/221
2026-09-03 18:47:26 [37mdebug[39m: [37m内存缓存已设置[39m
2026-09-03 18:47:26 [37mdebug[39m: [37mEmbedding生成成功[39m
  进度: 160/221
2026-09-03 18:47:26 [32minfo[39m: [32m已完成 160/221，暂停3秒...[39m
2026-09-03 18:47:29 [37mdebug[39m: [37m内存缓存已设置[39m
2026-09-03 18:47:29 [37mdebug[39m: [37mEmbedding生成成功[39m
  进度: 161/221
2026-09-03 18:47:29 [37mdebug[39m: [37m内存缓存已设置[39m
2026-09-03 18:47:29 [37mdebug[39m: [37mEmbedding生成成功[39m
  进度: 162/221
2026-09-03 18:47:29 [37mdebug[39m: [37m内存缓存已设置[39m
2026-09-03 18:47:29 [37mdebug[39m: [37mEmbedding生成成功[39m
  进度: 163/221
2026-09-03 18:47:29 [37mdebug[39m: [37m内存缓存已设置[39m
2026-09-03 18:47:29 [37mdebug[39m: [37mEmbedding生成成功[39m
  进度: 164/221
2026-09-03 18:47:29 [37mdebug[39m: [37m内存缓存已设置[39m
2026-09-03 18:47:29 [37mdebug[39m: [37mEmbedding生成成功[39m
  进度: 165/221
2026-09-03 18:47:29 [37mdebug[39m: [37m内存缓存已设置[39m
2026-09-03 18:47:29 [37mdebug[39m: [37mEmbedding生成成功[39m
  进度: 166/221
2026-09-03 18:47:29 [37mdebug[39m: [37m内存缓存已设置[39m
2026-09-03 18:47:29 [37mdebug[39m: [37mEmbedding生成成功[39m
  进度: 167/221
2026-09-03 18:47:29 [37mdebug[39m: [37m内存缓存已设置[39m
2026-09-03 18:47:29 [37mdebug[39m: [37mEmbedding生成成功[39m
  进度: 168/221
2026-09-03 18:47:29 [37mdebug[39m: [37m内存缓存已设置[39m
2026-09-03 18:47:29 [37mdebug[39m: [37mEmbedding生成成功[39m
  进度: 169/221
2026-09-03 18:47:30 [37mdebug[39m: [37m内存缓存已设置[39m
2026-09-03 18:47:30 [37mdebug[39m: [37mEmbedding生成成功[39m
  进度: 170/221
2026-09-03 18:47:30 [32minfo[39m: [32m已完成 170/221，暂停3秒...[39m
2026-09-03 18:47:33 [37mdebug[39m: [37m内存缓存已设置[39m
2026-09-03 18:47:33 [37mdebug[39m: [37mEmbedding生成成功[39m
  进度: 171/221
2026-09-03 18:47:33 [37mdebug[39m: [37m内存缓存已设置[39m
2026-09-03 18:47:33 [37mdebug[39m: [37mEmbedding生成成功[39m
  进度: 172/221
2026-09-03 18:47:33 [37mdebug[39m: [37m内存缓存已设置[39m
2026-09-03 18:47:33 [37mdebug[39m: [37mEmbedding生成成功[39m
  进度: 173/221
2026-09-03 18:47:33 [37mdebug[39m: [37m内存缓存已设置[39m
2026-09-03 18:47:33 [37mdebug[39m: [37mEmbedding生成成功[39m
  进度: 174/221
2026-09-03 18:47:33 [37mdebug[39m: [37m内存缓存已设置[39m
2026-09-03 18:47:33 [37mdebug[39m: [37mEmbedding生成成功[39m
  进度: 175/221
2026-09-03 18:47:33 [37mdebug[39m: [37m内存缓存已设置[39m
2026-09-03 18:47:33 [37mdebug[39m: [37mEmbedding生成成功[39m
  进度: 176/221
2026-09-03 18:47:33 [37mdebug[39m: [37m内存缓存已设置[39m
2026-09-03 18:47:33 [37mdebug[39m: [37mEmbedding生成成功[39m
  进度: 177/221
2026-09-03 18:47:33 [37mdebug[39m: [37m内存缓存已设置[39m
2026-09-03 18:47:33 [37mdebug[39m: [37mEmbedding生成成功[39m
  进度: 178/221
2026-09-03 18:47:33 [37mdebug[39m: [37m内存缓存已设置[39m
2026-09-03 18:47:33 [37mdebug[39m: [37mEmbedding生成成功[39m
  进度: 179/221
2026-09-03 18:47:34 [37mdebug[39m: [37m内存缓存已设置[39m
2026-09-03 18:47:34 [37mdebug[39m: [37mEmbedding生成成功[39m
  进度: 180/221
2026-09-03 18:47:34 [32minfo[39m: [32m已完成 180/221，暂停3秒...[39m
2026-09-03 18:47:37 [37mdebug[39m: [37m内存缓存已设置[39m
2026-09-03 18:47:37 [37mdebug[39m: [37mEmbedding生成成功[39m
  进度: 181/221
2026-09-03 18:47:37 [37mdebug[39m: [37m内存缓存已设置[39m
2026-09-03 18:47:37 [37mdebug[39m: [37mEmbedding生成成功[39m
  进度: 182/221
2026-09-03 18:47:37 [37mdebug[39m: [37m内存缓存已设置[39m
2026-09-03 18:47:37 [37mdebug[39m: [37mEmbedding生成成功[39m
  进度: 183/221
2026-09-03 18:47:37 [37mdebug[39m: [37m内存缓存已设置[39m
2026-09-03 18:47:37 [37mdebug[39m: [37mEmbedding生成成功[39m
  进度: 184/221
2026-09-03 18:47:37 [37mdebug[39m: [37m内存缓存已设置[39m
2026-09-03 18:47:37 [37mdebug[39m: [37mEmbedding生成成功[39m
  进度: 185/221
2026-09-03 18:47:37 [37mdebug[39m: [37m内存缓存已设置[39m
2026-09-03 18:47:37 [37mdebug[39m: [37mEmbedding生成成功[39m
  进度: 186/221
2026-09-03 18:47:37 [37mdebug[39m: [37m内存缓存已设置[39m
2026-09-03 18:47:37 [37mdebug[39m: [37mEmbedding生成成功[39m
  进度: 187/221
2026-09-03 18:47:37 [37mdebug[39m: [37m内存缓存已设置[39m
2026-09-03 18:47:37 [37mdebug[39m: [37mEmbedding生成成功[39m
  进度: 188/221
2026-09-03 18:47:37 [37mdebug[39m: [37m内存缓存已设置[39m
2026-09-03 18:47:37 [37mdebug[39m: [37mEmbedding生成成功[39m
  进度: 189/221
2026-09-03 18:47:38 [37mdebug[39m: [37m内存缓存已设置[39m
2026-09-03 18:47:38 [37mdebug[39m: [37mEmbedding生成成功[39m
  进度: 190/221
2026-09-03 18:47:38 [32minfo[39m: [32m已完成 190/221，暂停3秒...[39m
2026-09-03 18:47:41 [37mdebug[39m: [37m内存缓存已设置[39m
2026-09-03 18:47:41 [37mdebug[39m: [37mEmbedding生成成功[39m
  进度: 191/221
2026-09-03 18:47:41 [37mdebug[39m: [37m内存缓存已设置[39m
2026-09-03 18:47:41 [37mdebug[39m: [37mEmbedding生成成功[39m
  进度: 192/221
2026-09-03 18:47:41 [37mdebug[39m: [37m内存缓存已设置[39m
2026-09-03 18:47:41 [37mdebug[39m: [37mEmbedding生成成功[39m
  进度: 193/221
2026-09-03 18:47:41 [37mdebug[39m: [37m内存缓存已设置[39m
2026-09-03 18:47:41 [37mdebug[39m: [37mEmbedding生成成功[39m
  进度: 194/221
2026-09-03 18:47:41 [37mdebug[39m: [37m内存缓存已设置[39m
2026-09-03 18:47:41 [37mdebug[39m: [37mEmbedding生成成功[39m
  进度: 195/221
2026-09-03 18:47:41 [37mdebug[39m: [37m内存缓存已设置[39m
2026-09-03 18:47:41 [37mdebug[39m: [37mEmbedding生成成功[39m
  进度: 196/221
2026-09-03 18:47:41 [37mdebug[39m: [37m内存缓存已设置[39m
2026-09-03 18:47:41 [37mdebug[39m: [37mEmbedding生成成功[39m
  进度: 197/221
2026-09-03 18:47:41 [37mdebug[39m: [37m内存缓存已设置[39m
2026-09-03 18:47:41 [37mdebug[39m: [37mEmbedding生成成功[39m
  进度: 198/221
2026-09-03 18:47:41 [37mdebug[39m: [37m内存缓存已设置[39m
2026-09-03 18:47:41 [37mdebug[39m: [37mEmbedding生成成功[39m
  进度: 199/221
2026-09-03 18:47:42 [37mdebug[39m: [37m内存缓存已设置[39m
2026-09-03 18:47:42 [37mdebug[39m: [37mEmbedding生成成功[39m
  进度: 200/221
2026-09-03 18:47:42 [32minfo[39m: [32m已完成 200/221，暂停3秒...[39m
2026-09-03 18:47:45 [37mdebug[39m: [37m内存缓存已设置[39m
2026-09-03 18:47:45 [37mdebug[39m: [37mEmbedding生成成功[39m
  进度: 201/221
2026-09-03 18:47:45 [37mdebug[39m: [37m内存缓存已设置[39m
2026-09-03 18:47:45 [37mdebug[39m: [37mEmbedding生成成功[39m
  进度: 202/221
2026-09-03 18:47:45 [37mdebug[39m: [37m内存缓存已设置[39m
2026-09-03 18:47:45 [37mdebug[39m: [37mEmbedding生成成功[39m
  进度: 203/221
2026-09-03 18:47:45 [37mdebug[39m: [37m内存缓存已设置[39m
2026-09-03 18:47:45 [37mdebug[39m: [37mEmbedding生成成功[39m
  进度: 204/221
2026-09-03 18:47:45 [37mdebug[39m: [37m内存缓存已设置[39m
2026-09-03 18:47:45 [37mdebug[39m: [37mEmbedding生成成功[39m
  进度: 205/221
2026-09-03 18:47:45 [37mdebug[39m: [37m内存缓存已设置[39m
2026-09-03 18:47:45 [37mdebug[39m: [37mEmbedding生成成功[39m
  进度: 206/221
2026-09-03 18:47:45 [37mdebug[39m: [37m内存缓存已设置[39m
2026-09-03 18:47:45 [37mdebug[39m: [37mEmbedding生成成功[39m
  进度: 207/221
2026-09-03 18:47:45 [37mdebug[39m: [37m内存缓存已设置[39m
2026-09-03 18:47:45 [37mdebug[39m: [37mEmbedding生成成功[39m
  进度: 208/221
2026-09-03 18:47:45 [37mdebug[39m: [37m内存缓存已设置[39m
2026-09-03 18:47:45 [37mdebug[39m: [37mEmbedding生成成功[39m
  进度: 209/221
2026-09-03 18:47:46 [37mdebug[39m: [37m内存缓存已设置[39m
2026-09-03 18:47:46 [37mdebug[39m: [37mEmbedding生成成功[39m
  进度: 210/221
2026-09-03 18:47:46 [32minfo[39m: [32m已完成 210/221，暂停3秒...[39m
2026-09-03 18:47:49 [37mdebug[39m: [37m内存缓存已设置[39m
2026-09-03 18:47:49 [37mdebug[39m: [37mEmbedding生成成功[39m
  进度: 211/221
2026-09-03 18:47:49 [37mdebug[39m: [37m内存缓存已设置[39m
2026-09-03 18:47:49 [37mdebug[39m: [37mEmbedding生成成功[39m
  进度: 212/221
2026-09-03 18:47:49 [37mdebug[39m: [37m内存缓存已设置[39m
2026-09-03 18:47:49 [37mdebug[39m: [37mEmbedding生成成功[39m
  进度: 213/221
2026-09-03 18:47:49 [37mdebug[39m: [37m内存缓存已设置[39m
2026-09-03 18:47:49 [37mdebug[39m: [37mEmbedding生成成功[39m
  进度: 214/221
2026-09-03 18:47:49 [37mdebug[39m: [37m内存缓存已设置[39m
2026-09-03 18:47:49 [37mdebug[39m: [37mEmbedding生成成功[39m
  进度: 215/221
2026-09-03 18:47:49 [37mdebug[39m: [37m内存缓存已设置[39m
2026-09-03 18:47:49 [37mdebug[39m: [37mEmbedding生成成功[39m
  进度: 216/221
2026-09-03 18:47:49 [37mdebug[39m: [37m内存缓存已设置[39m
2026-09-03 18:47:49 [37mdebug[39m: [37mEmbedding生成成功[39m
  进度: 217/221
2026-09-03 18:47:49 [37mdebug[39m: [37m内存缓存已设置[39m
2026-09-03 18:47:49 [37mdebug[39m: [37mEmbedding生成成功[39m
  进度: 218/221
2026-09-03 18:47:49 [37mdebug[39m: [37m内存缓存已设置[39m
2026-09-03 18:47:49 [37mdebug[39m: [37mEmbedding生成成功[39m
  进度: 219/221
2026-09-03 18:47:50 [37mdebug[39m: [37m内存缓存已设置[39m
2026-09-03 18:47:50 [37mdebug[39m: [37mEmbedding生成成功[39m
  进度: 220/221
2026-09-03 18:47:50 [32minfo[39m: [32m已完成 220/221，暂停3秒...[39m
2026-09-03 18:47:53 [37mdebug[39m: [37m内存缓存已设置[39m
2026-09-03 18:47:53 [37mdebug[39m: [37mEmbedding生成成功[39m
  进度: 221/221
2026-09-03 18:47:53 [31merror[39m: [31m向量插入失败[39m
❌ 向量化失败: fetch failed
2026-09-03 18:47:53 [31merror[39m: [31m向量化失败[39m

索引文档到Elasticsearch...
2026-09-03 18:47:53 [32minfo[39m: [32m已保存 221 个文档到内存[39m
✅ 已索引 221 个文档块到ES

============================================================
⚠️ 知识库初始化部分完成（部分服务不可用）
============================================================

统计信息：
  - 文档数量: 10
  - 文档块数量: 221
  - 营养知识: 100 块
  - 运动知识: 121 块
2026-09-03 19:46:23 [32minfo[39m: [32m指标已保存[39m
2026-09-03 20:46:23 [32minfo[39m: [32m指标已保存[39m
2026-09-03 21:46:24 [32minfo[39m: [32m指标已保存[39m
