✅ 数据库已连接
2026-09-03 17:35:10 [32minfo[39m: [32mElasticsearch客户端已初始化[39m
2026-09-03 17:35:10 [32minfo[39m: [32mEmbedding服务: zhipu[39m
2026-09-03 17:35:10 [32minfo[39m: [32m会话清理任务已启动[39m
2026-09-03 17:35:10 [32minfo[39m: [32m用户配置加载完成[39m
node:events:486
      throw er; // Unhandled 'error' event
      ^

Error: listen EADDRINUSE: address already in use :::3000
    at Server.setupListenHandle [as _listen2] (node:net:1940:16)
    at listenInCluster (node:net:1997:12)
    at Server.listen (node:net:2102:7)
    at app.listen (D:\科林冲刺\项目班\AI\AIcode\慢慢瘦\node_modules\express\lib\application.js:635:24)
    at Object.<anonymous> (D:\科林冲刺\项目班\AI\AIcode\慢慢瘦\server.js:1481:5)
    at Module._compile (node:internal/modules/cjs/loader:1761:14)
    at Object..js (node:internal/modules/cjs/loader:1893:10)
    at Module.load (node:internal/modules/cjs/loader:1481:32)
    at Module._load (node:internal/modules/cjs/loader:1300:12)
    at TracingChannel.traceSync (node:diagnostics_channel:328:14)
Emitted 'error' event on Server instance at:
    at emitErrorNT (node:net:1976:8)
    at process.processTicksAndRejections (node:internal/process/task_queues:89:21) {
  code: 'EADDRINUSE',
  errno: -4091,
  syscall: 'listen',
  address: '::',
  port: 3000
}

Node.js v24.13.0
